EN binary_cnt NULL /home/lab661/Documents/xkovac52/Digital-electronics-1/Labs/05-counter_binary/binary_counter/binary_cnt.vhd sub00/vhpl02 1583405831
EN hex_to_7seg NULL /home/lab661/Documents/xkovac52/Digital-electronics-1/Labs/04-adder/binary_adder/hex_to_7seg.vhd sub00/vhpl04 1583405833
AR binary_cnt behavioral /home/lab661/Documents/xkovac52/Digital-electronics-1/Labs/05-counter_binary/binary_counter/binary_cnt.vhd sub00/vhpl03 1583405832
EN top NULL /home/lab661/Documents/xkovac52/Digital-electronics-1/Labs/05-counter_binary/binary_counter/top.vhd sub00/vhpl06 1583405835
AR clock_enable behavioral /home/lab661/Documents/xkovac52/Digital-electronics-1/Labs/05-counter_binary/binary_counter/clock_enable.vhd sub00/vhpl01 1583405830
AR hex_to_7seg behavioral /home/lab661/Documents/xkovac52/Digital-electronics-1/Labs/04-adder/binary_adder/hex_to_7seg.vhd sub00/vhpl05 1583405834
EN clock_enable NULL /home/lab661/Documents/xkovac52/Digital-electronics-1/Labs/05-counter_binary/binary_counter/clock_enable.vhd sub00/vhpl00 1583405829
AR top behavioral /home/lab661/Documents/xkovac52/Digital-electronics-1/Labs/05-counter_binary/binary_counter/top.vhd sub00/vhpl07 1583405836
